MPLINK 5.09, LINKER
Linker Map File - Created Wed Apr 17 15:42:02 2019

                                 Section Info
                  Section       Type    Address   Location Size(Bytes)
                ---------  ---------  ---------  ---------  ---------
                   .org_0       code   0x000000    program   0x000002
                   .cinit    romdata   0x000001    program   0x000004
                   .org_1       code   0x000004    program   0x0003ec



                              Program Memory Usage 
                               Start         End      
                           ---------   ---------      
                            0x000000    0x000002      
                            0x000004    0x0001f9      
            505 out of 1094 program addresses used, program memory utilization is 46%



                              Symbols - Sorted by Name
                     Name    Address   Location    Storage File                     
                ---------  ---------  ---------  --------- ---------                
                     BUZZ   0x0001df    program     static /home/malek/MPLABXProjects/Memory Game.X/main.asm
        CHECK_MATCH_MODE1   0x00018a    program     static /home/malek/MPLABXProjects/Memory Game.X/main.asm
        CHECK_MATCH_MODE2   0x00018f    program     static /home/malek/MPLABXProjects/Memory Game.X/main.asm
        CHECK_MATCH_MODE3   0x000194    program     static /home/malek/MPLABXProjects/Memory Game.X/main.asm
               CHECK_MODE   0x00017a    program     static /home/malek/MPLABXProjects/Memory Game.X/main.asm
             CLEAR_SCREEN   0x0000a4    program     static /home/malek/MPLABXProjects/Memory Game.X/main.asm
                  DELAY3S   0x0001c3    program     static /home/malek/MPLABXProjects/Memory Game.X/main.asm
                 DELAYFMS   0x0001cf    program     static /home/malek/MPLABXProjects/Memory Game.X/main.asm
                  DELAYMS   0x0001d5    program     static /home/malek/MPLABXProjects/Memory Game.X/main.asm
                   DELAYS   0x0001b7    program     static /home/malek/MPLABXProjects/Memory Game.X/main.asm
            DELETE_BEFORE   0x0000ab    program     static /home/malek/MPLABXProjects/Memory Game.X/main.asm
                       ET   0x00009f    program     static /home/malek/MPLABXProjects/Memory Game.X/main.asm
                EXIT_LEFT   0x0001f8    program     static /home/malek/MPLABXProjects/Memory Game.X/main.asm
               EXIT_RIGHT   0x0001ed    program     static /home/malek/MPLABXProjects/Memory Game.X/main.asm
           HANDLE_CONFIRM   0x000142    program     static /home/malek/MPLABXProjects/Memory Game.X/main.asm
              HANDLE_LEFT   0x000122    program     static /home/malek/MPLABXProjects/Memory Game.X/main.asm
             HANDLE_RIGHT   0x000132    program     static /home/malek/MPLABXProjects/Memory Game.X/main.asm
           HANDLE_UP_DOWN   0x000171    program     static /home/malek/MPLABXProjects/Memory Game.X/main.asm
               HIDE_TABLE   0x000082    program     static /home/malek/MPLABXProjects/Memory Game.X/main.asm
                      INF   0x00004d    program     static /home/malek/MPLABXProjects/Memory Game.X/main.asm
                     INIT   0x00000d    program     static /home/malek/MPLABXProjects/Memory Game.X/main.asm
             IN_GAME_LEFT   0x000127    program     static /home/malek/MPLABXProjects/Memory Game.X/main.asm
            IN_GAME_RIGHT   0x000137    program     static /home/malek/MPLABXProjects/Memory Game.X/main.asm
                       L1   0x0001f5    program     static /home/malek/MPLABXProjects/Memory Game.X/main.asm
                     LOOP   0x0001bc    program     static /home/malek/MPLABXProjects/Memory Game.X/main.asm
                    LOOP1   0x0001d9    program     static /home/malek/MPLABXProjects/Memory Game.X/main.asm
                    LOOP2   0x0001db    program     static /home/malek/MPLABXProjects/Memory Game.X/main.asm
                    LOOP3   0x0001d1    program     static /home/malek/MPLABXProjects/Memory Game.X/main.asm
                   LOOP3S   0x0001c8    program     static /home/malek/MPLABXProjects/Memory Game.X/main.asm
                  LOOP_M1   0x00005d    program     static /home/malek/MPLABXProjects/Memory Game.X/main.asm
                  LOOP_M2   0x00005f    program     static /home/malek/MPLABXProjects/Memory Game.X/main.asm
                  LOOP_M3   0x000061    program     static /home/malek/MPLABXProjects/Memory Game.X/main.asm
                     MAIN   0x000006    program     static /home/malek/MPLABXProjects/Memory Game.X/main.asm
                MAIN_MENU   0x000039    program     static /home/malek/MPLABXProjects/Memory Game.X/main.asm
   MAIN_MENU_CONFIRMATION   0x000162    program     static /home/malek/MPLABXProjects/Memory Game.X/main.asm
              MATCH_MODE1   0x000199    program     static /home/malek/MPLABXProjects/Memory Game.X/main.asm
              MATCH_MODE2   0x0001b3    program     static /home/malek/MPLABXProjects/Memory Game.X/main.asm
              MATCH_MODE3   0x0001b5    program     static /home/malek/MPLABXProjects/Memory Game.X/main.asm
                    MODE1   0x00005a    program     static /home/malek/MPLABXProjects/Memory Game.X/main.asm
         MODE1_SCOREBOARD   0x000093    program     static /home/malek/MPLABXProjects/Memory Game.X/main.asm
                    MODE2   0x00005e    program     static /home/malek/MPLABXProjects/Memory Game.X/main.asm
                    MODE3   0x000060    program     static /home/malek/MPLABXProjects/Memory Game.X/main.asm
            MOVE_AST_LEFT   0x0001ef    program     static /home/malek/MPLABXProjects/Memory Game.X/main.asm
           MOVE_AST_RIGHT   0x0001e3    program     static /home/malek/MPLABXProjects/Memory Game.X/main.asm
              MOVE_CURSOR   0x0000d1    program     static /home/malek/MPLABXProjects/Memory Game.X/main.asm
           NO_MATCH_MODE1   0x00019a    program     static /home/malek/MPLABXProjects/Memory Game.X/main.asm
           NO_MATCH_MODE2   0x0001b4    program     static /home/malek/MPLABXProjects/Memory Game.X/main.asm
           NO_MATCH_MODE3   0x0001b6    program     static /home/malek/MPLABXProjects/Memory Game.X/main.asm
           POPULATE_TABLE   0x000069    program     static /home/malek/MPLABXProjects/Memory Game.X/main.asm
                  PRINT_1   0x00010e    program     static /home/malek/MPLABXProjects/Memory Game.X/main.asm
                  PRINT_2   0x000111    program     static /home/malek/MPLABXProjects/Memory Game.X/main.asm
                  PRINT_3   0x000114    program     static /home/malek/MPLABXProjects/Memory Game.X/main.asm
                  PRINT_A   0x0000e1    program     static /home/malek/MPLABXProjects/Memory Game.X/main.asm
           PRINT_ASTERISK   0x0000ff    program     static /home/malek/MPLABXProjects/Memory Game.X/main.asm
                PRINT_BOX   0x000105    program     static /home/malek/MPLABXProjects/Memory Game.X/main.asm
                  PRINT_D   0x0000e4    program     static /home/malek/MPLABXProjects/Memory Game.X/main.asm
                  PRINT_E   0x0000e7    program     static /home/malek/MPLABXProjects/Memory Game.X/main.asm
                  PRINT_G   0x0000ea    program     static /home/malek/MPLABXProjects/Memory Game.X/main.asm
                  PRINT_M   0x0000ed    program     static /home/malek/MPLABXProjects/Memory Game.X/main.asm
                  PRINT_O   0x0000f0    program     static /home/malek/MPLABXProjects/Memory Game.X/main.asm
                  PRINT_R   0x0000f3    program     static /home/malek/MPLABXProjects/Memory Game.X/main.asm
                  PRINT_S   0x0000f6    program     static /home/malek/MPLABXProjects/Memory Game.X/main.asm
          PRINT_SEPARATOR   0x00010b    program     static /home/malek/MPLABXProjects/Memory Game.X/main.asm
              PRINT_SHADE   0x000108    program     static /home/malek/MPLABXProjects/Memory Game.X/main.asm
              PRINT_SPACE   0x000102    program     static /home/malek/MPLABXProjects/Memory Game.X/main.asm
                  PRINT_W   0x0000f9    program     static /home/malek/MPLABXProjects/Memory Game.X/main.asm
                  PRINT_Y   0x0000fc    program     static /home/malek/MPLABXProjects/Memory Game.X/main.asm
                       R1   0x0001eb    program     static /home/malek/MPLABXProjects/Memory Game.X/main.asm
                  RB4_INT   0x000117    program     static /home/malek/MPLABXProjects/Memory Game.X/main.asm
             RESET_CURSOR   0x0000dc    program     static /home/malek/MPLABXProjects/Memory Game.X/main.asm
                    SETUP   0x000062    program     static /home/malek/MPLABXProjects/Memory Game.X/main.asm
              SHOW_CURSOR   0x0000c6    program     static /home/malek/MPLABXProjects/Memory Game.X/main.asm
      SKIP_HANDLE_UP_DOWN   0x000179    program     static /home/malek/MPLABXProjects/Memory Game.X/main.asm
  SKIP_MODE1_CONFIRMATION   0x000168    program     static /home/malek/MPLABXProjects/Memory Game.X/main.asm
  SKIP_MODE2_CONFIRMATION   0x00016e    program     static /home/malek/MPLABXProjects/Memory Game.X/main.asm
           WELCOME_SCREEN   0x000029    program     static /home/malek/MPLABXProjects/Memory Game.X/main.asm
               WRITE_CHAR   0x0000af    program     static /home/malek/MPLABXProjects/Memory Game.X/main.asm



                              Symbols - Sorted by Address
                     Name    Address   Location    Storage File                     
                ---------  ---------  ---------  --------- ---------                
                     MAIN   0x000006    program     static /home/malek/MPLABXProjects/Memory Game.X/main.asm
                     INIT   0x00000d    program     static /home/malek/MPLABXProjects/Memory Game.X/main.asm
           WELCOME_SCREEN   0x000029    program     static /home/malek/MPLABXProjects/Memory Game.X/main.asm
                MAIN_MENU   0x000039    program     static /home/malek/MPLABXProjects/Memory Game.X/main.asm
                      INF   0x00004d    program     static /home/malek/MPLABXProjects/Memory Game.X/main.asm
                    MODE1   0x00005a    program     static /home/malek/MPLABXProjects/Memory Game.X/main.asm
                  LOOP_M1   0x00005d    program     static /home/malek/MPLABXProjects/Memory Game.X/main.asm
                    MODE2   0x00005e    program     static /home/malek/MPLABXProjects/Memory Game.X/main.asm
                  LOOP_M2   0x00005f    program     static /home/malek/MPLABXProjects/Memory Game.X/main.asm
                    MODE3   0x000060    program     static /home/malek/MPLABXProjects/Memory Game.X/main.asm
                  LOOP_M3   0x000061    program     static /home/malek/MPLABXProjects/Memory Game.X/main.asm
                    SETUP   0x000062    program     static /home/malek/MPLABXProjects/Memory Game.X/main.asm
           POPULATE_TABLE   0x000069    program     static /home/malek/MPLABXProjects/Memory Game.X/main.asm
               HIDE_TABLE   0x000082    program     static /home/malek/MPLABXProjects/Memory Game.X/main.asm
         MODE1_SCOREBOARD   0x000093    program     static /home/malek/MPLABXProjects/Memory Game.X/main.asm
                       ET   0x00009f    program     static /home/malek/MPLABXProjects/Memory Game.X/main.asm
             CLEAR_SCREEN   0x0000a4    program     static /home/malek/MPLABXProjects/Memory Game.X/main.asm
            DELETE_BEFORE   0x0000ab    program     static /home/malek/MPLABXProjects/Memory Game.X/main.asm
               WRITE_CHAR   0x0000af    program     static /home/malek/MPLABXProjects/Memory Game.X/main.asm
              SHOW_CURSOR   0x0000c6    program     static /home/malek/MPLABXProjects/Memory Game.X/main.asm
              MOVE_CURSOR   0x0000d1    program     static /home/malek/MPLABXProjects/Memory Game.X/main.asm
             RESET_CURSOR   0x0000dc    program     static /home/malek/MPLABXProjects/Memory Game.X/main.asm
                  PRINT_A   0x0000e1    program     static /home/malek/MPLABXProjects/Memory Game.X/main.asm
                  PRINT_D   0x0000e4    program     static /home/malek/MPLABXProjects/Memory Game.X/main.asm
                  PRINT_E   0x0000e7    program     static /home/malek/MPLABXProjects/Memory Game.X/main.asm
                  PRINT_G   0x0000ea    program     static /home/malek/MPLABXProjects/Memory Game.X/main.asm
                  PRINT_M   0x0000ed    program     static /home/malek/MPLABXProjects/Memory Game.X/main.asm
                  PRINT_O   0x0000f0    program     static /home/malek/MPLABXProjects/Memory Game.X/main.asm
                  PRINT_R   0x0000f3    program     static /home/malek/MPLABXProjects/Memory Game.X/main.asm
                  PRINT_S   0x0000f6    program     static /home/malek/MPLABXProjects/Memory Game.X/main.asm
                  PRINT_W   0x0000f9    program     static /home/malek/MPLABXProjects/Memory Game.X/main.asm
                  PRINT_Y   0x0000fc    program     static /home/malek/MPLABXProjects/Memory Game.X/main.asm
           PRINT_ASTERISK   0x0000ff    program     static /home/malek/MPLABXProjects/Memory Game.X/main.asm
              PRINT_SPACE   0x000102    program     static /home/malek/MPLABXProjects/Memory Game.X/main.asm
                PRINT_BOX   0x000105    program     static /home/malek/MPLABXProjects/Memory Game.X/main.asm
              PRINT_SHADE   0x000108    program     static /home/malek/MPLABXProjects/Memory Game.X/main.asm
          PRINT_SEPARATOR   0x00010b    program     static /home/malek/MPLABXProjects/Memory Game.X/main.asm
                  PRINT_1   0x00010e    program     static /home/malek/MPLABXProjects/Memory Game.X/main.asm
                  PRINT_2   0x000111    program     static /home/malek/MPLABXProjects/Memory Game.X/main.asm
                  PRINT_3   0x000114    program     static /home/malek/MPLABXProjects/Memory Game.X/main.asm
                  RB4_INT   0x000117    program     static /home/malek/MPLABXProjects/Memory Game.X/main.asm
              HANDLE_LEFT   0x000122    program     static /home/malek/MPLABXProjects/Memory Game.X/main.asm
             IN_GAME_LEFT   0x000127    program     static /home/malek/MPLABXProjects/Memory Game.X/main.asm
             HANDLE_RIGHT   0x000132    program     static /home/malek/MPLABXProjects/Memory Game.X/main.asm
            IN_GAME_RIGHT   0x000137    program     static /home/malek/MPLABXProjects/Memory Game.X/main.asm
           HANDLE_CONFIRM   0x000142    program     static /home/malek/MPLABXProjects/Memory Game.X/main.asm
   MAIN_MENU_CONFIRMATION   0x000162    program     static /home/malek/MPLABXProjects/Memory Game.X/main.asm
  SKIP_MODE1_CONFIRMATION   0x000168    program     static /home/malek/MPLABXProjects/Memory Game.X/main.asm
  SKIP_MODE2_CONFIRMATION   0x00016e    program     static /home/malek/MPLABXProjects/Memory Game.X/main.asm
           HANDLE_UP_DOWN   0x000171    program     static /home/malek/MPLABXProjects/Memory Game.X/main.asm
      SKIP_HANDLE_UP_DOWN   0x000179    program     static /home/malek/MPLABXProjects/Memory Game.X/main.asm
               CHECK_MODE   0x00017a    program     static /home/malek/MPLABXProjects/Memory Game.X/main.asm
        CHECK_MATCH_MODE1   0x00018a    program     static /home/malek/MPLABXProjects/Memory Game.X/main.asm
        CHECK_MATCH_MODE2   0x00018f    program     static /home/malek/MPLABXProjects/Memory Game.X/main.asm
        CHECK_MATCH_MODE3   0x000194    program     static /home/malek/MPLABXProjects/Memory Game.X/main.asm
              MATCH_MODE1   0x000199    program     static /home/malek/MPLABXProjects/Memory Game.X/main.asm
           NO_MATCH_MODE1   0x00019a    program     static /home/malek/MPLABXProjects/Memory Game.X/main.asm
              MATCH_MODE2   0x0001b3    program     static /home/malek/MPLABXProjects/Memory Game.X/main.asm
           NO_MATCH_MODE2   0x0001b4    program     static /home/malek/MPLABXProjects/Memory Game.X/main.asm
              MATCH_MODE3   0x0001b5    program     static /home/malek/MPLABXProjects/Memory Game.X/main.asm
           NO_MATCH_MODE3   0x0001b6    program     static /home/malek/MPLABXProjects/Memory Game.X/main.asm
                   DELAYS   0x0001b7    program     static /home/malek/MPLABXProjects/Memory Game.X/main.asm
                     LOOP   0x0001bc    program     static /home/malek/MPLABXProjects/Memory Game.X/main.asm
                  DELAY3S   0x0001c3    program     static /home/malek/MPLABXProjects/Memory Game.X/main.asm
                   LOOP3S   0x0001c8    program     static /home/malek/MPLABXProjects/Memory Game.X/main.asm
                 DELAYFMS   0x0001cf    program     static /home/malek/MPLABXProjects/Memory Game.X/main.asm
                    LOOP3   0x0001d1    program     static /home/malek/MPLABXProjects/Memory Game.X/main.asm
                  DELAYMS   0x0001d5    program     static /home/malek/MPLABXProjects/Memory Game.X/main.asm
                    LOOP1   0x0001d9    program     static /home/malek/MPLABXProjects/Memory Game.X/main.asm
                    LOOP2   0x0001db    program     static /home/malek/MPLABXProjects/Memory Game.X/main.asm
                     BUZZ   0x0001df    program     static /home/malek/MPLABXProjects/Memory Game.X/main.asm
           MOVE_AST_RIGHT   0x0001e3    program     static /home/malek/MPLABXProjects/Memory Game.X/main.asm
                       R1   0x0001eb    program     static /home/malek/MPLABXProjects/Memory Game.X/main.asm
               EXIT_RIGHT   0x0001ed    program     static /home/malek/MPLABXProjects/Memory Game.X/main.asm
            MOVE_AST_LEFT   0x0001ef    program     static /home/malek/MPLABXProjects/Memory Game.X/main.asm
                       L1   0x0001f5    program     static /home/malek/MPLABXProjects/Memory Game.X/main.asm
                EXIT_LEFT   0x0001f8    program     static /home/malek/MPLABXProjects/Memory Game.X/main.asm


