MPLINK 5.09, LINKER
Linker Map File - Created Mon Apr 15 15:49:03 2019

                                 Section Info
                  Section       Type    Address   Location Size(Bytes)
                ---------  ---------  ---------  ---------  ---------
                   .org_0       code   0x000000    program   0x000002
                   .cinit    romdata   0x000001    program   0x000004
                   .org_1       code   0x000004    program   0x000208



                              Program Memory Usage 
                               Start         End      
                           ---------   ---------      
                            0x000000    0x000002      
                            0x000004    0x000107      
            263 out of 1094 program addresses used, program memory utilization is 24%



                              Symbols - Sorted by Name
                     Name    Address   Location    Storage File                     
                ---------  ---------  ---------  --------- ---------                
             CLEAR_SCREEN   0x00008f    program     static /home/malek/MPLABXProjects/Memory Game.X/main.asm
                 DELAYFMS   0x0000f8    program     static /home/malek/MPLABXProjects/Memory Game.X/main.asm
                  DELAYMS   0x0000fe    program     static /home/malek/MPLABXProjects/Memory Game.X/main.asm
                   DELAYS   0x0000ec    program     static /home/malek/MPLABXProjects/Memory Game.X/main.asm
                       ET   0x000096    program     static /home/malek/MPLABXProjects/Memory Game.X/main.asm
                   FINISH   0x000019    program     static /home/malek/MPLABXProjects/Memory Game.X/main.asm
           HANDLE_UP_DOWN   0x0000e7    program     static /home/malek/MPLABXProjects/Memory Game.X/main.asm
               HIDE_TABLE   0x00007e    program     static /home/malek/MPLABXProjects/Memory Game.X/main.asm
                 INDIRECT   0x00000e    program     static /home/malek/MPLABXProjects/Memory Game.X/main.asm
                      INF   0x000053    program     static /home/malek/MPLABXProjects/Memory Game.X/main.asm
                     INIT   0x000019    program     static /home/malek/MPLABXProjects/Memory Game.X/main.asm
                     LOOP   0x0000f1    program     static /home/malek/MPLABXProjects/Memory Game.X/main.asm
                    LOOP1   0x000102    program     static /home/malek/MPLABXProjects/Memory Game.X/main.asm
                    LOOP2   0x000104    program     static /home/malek/MPLABXProjects/Memory Game.X/main.asm
                    LOOP3   0x0000fa    program     static /home/malek/MPLABXProjects/Memory Game.X/main.asm
                    LOOPX   0x000012    program     static /home/malek/MPLABXProjects/Memory Game.X/main.asm
                    LOOPY   0x000015    program     static /home/malek/MPLABXProjects/Memory Game.X/main.asm
                  LOOP_M1   0x00005e    program     static /home/malek/MPLABXProjects/Memory Game.X/main.asm
                  LOOP_M2   0x000061    program     static /home/malek/MPLABXProjects/Memory Game.X/main.asm
                  LOOP_M3   0x000064    program     static /home/malek/MPLABXProjects/Memory Game.X/main.asm
                     MAIN   0x000006    program     static /home/malek/MPLABXProjects/Memory Game.X/main.asm
                MAIN_MENU   0x000044    program     static /home/malek/MPLABXProjects/Memory Game.X/main.asm
                    MODE1   0x00005c    program     static /home/malek/MPLABXProjects/Memory Game.X/main.asm
             MODE1_OR_INF   0x000059    program     static /home/malek/MPLABXProjects/Memory Game.X/main.asm
                    MODE2   0x00005f    program     static /home/malek/MPLABXProjects/Memory Game.X/main.asm
               MODE2_OR_3   0x000056    program     static /home/malek/MPLABXProjects/Memory Game.X/main.asm
                    MODE3   0x000062    program     static /home/malek/MPLABXProjects/Memory Game.X/main.asm
           POPULATE_TABLE   0x000065    program     static /home/malek/MPLABXProjects/Memory Game.X/main.asm
                  PRINT_1   0x0000d3    program     static /home/malek/MPLABXProjects/Memory Game.X/main.asm
                  PRINT_2   0x0000d6    program     static /home/malek/MPLABXProjects/Memory Game.X/main.asm
                  PRINT_3   0x0000d9    program     static /home/malek/MPLABXProjects/Memory Game.X/main.asm
                  PRINT_A   0x0000b2    program     static /home/malek/MPLABXProjects/Memory Game.X/main.asm
           PRINT_ASTERISK   0x0000ca    program     static /home/malek/MPLABXProjects/Memory Game.X/main.asm
                PRINT_BOX   0x0000d0    program     static /home/malek/MPLABXProjects/Memory Game.X/main.asm
                  PRINT_D   0x0000b5    program     static /home/malek/MPLABXProjects/Memory Game.X/main.asm
                  PRINT_E   0x0000b8    program     static /home/malek/MPLABXProjects/Memory Game.X/main.asm
                  PRINT_G   0x0000bb    program     static /home/malek/MPLABXProjects/Memory Game.X/main.asm
                  PRINT_M   0x0000be    program     static /home/malek/MPLABXProjects/Memory Game.X/main.asm
                  PRINT_O   0x0000c1    program     static /home/malek/MPLABXProjects/Memory Game.X/main.asm
                  PRINT_R   0x0000c4    program     static /home/malek/MPLABXProjects/Memory Game.X/main.asm
              PRINT_SPACE   0x0000cd    program     static /home/malek/MPLABXProjects/Memory Game.X/main.asm
                  PRINT_Y   0x0000c7    program     static /home/malek/MPLABXProjects/Memory Game.X/main.asm
                  RB4_INT   0x0000dc    program     static /home/malek/MPLABXProjects/Memory Game.X/main.asm
      SKIP_HANDLE_UP_DOWN   0x0000eb    program     static /home/malek/MPLABXProjects/Memory Game.X/main.asm
           WELCOME_SCREEN   0x000035    program     static /home/malek/MPLABXProjects/Memory Game.X/main.asm
               WRITE_CHAR   0x00009b    program     static /home/malek/MPLABXProjects/Memory Game.X/main.asm



                              Symbols - Sorted by Address
                     Name    Address   Location    Storage File                     
                ---------  ---------  ---------  --------- ---------                
                     MAIN   0x000006    program     static /home/malek/MPLABXProjects/Memory Game.X/main.asm
                 INDIRECT   0x00000e    program     static /home/malek/MPLABXProjects/Memory Game.X/main.asm
                    LOOPX   0x000012    program     static /home/malek/MPLABXProjects/Memory Game.X/main.asm
                    LOOPY   0x000015    program     static /home/malek/MPLABXProjects/Memory Game.X/main.asm
                   FINISH   0x000019    program     static /home/malek/MPLABXProjects/Memory Game.X/main.asm
                     INIT   0x000019    program     static /home/malek/MPLABXProjects/Memory Game.X/main.asm
           WELCOME_SCREEN   0x000035    program     static /home/malek/MPLABXProjects/Memory Game.X/main.asm
                MAIN_MENU   0x000044    program     static /home/malek/MPLABXProjects/Memory Game.X/main.asm
                      INF   0x000053    program     static /home/malek/MPLABXProjects/Memory Game.X/main.asm
               MODE2_OR_3   0x000056    program     static /home/malek/MPLABXProjects/Memory Game.X/main.asm
             MODE1_OR_INF   0x000059    program     static /home/malek/MPLABXProjects/Memory Game.X/main.asm
                    MODE1   0x00005c    program     static /home/malek/MPLABXProjects/Memory Game.X/main.asm
                  LOOP_M1   0x00005e    program     static /home/malek/MPLABXProjects/Memory Game.X/main.asm
                    MODE2   0x00005f    program     static /home/malek/MPLABXProjects/Memory Game.X/main.asm
                  LOOP_M2   0x000061    program     static /home/malek/MPLABXProjects/Memory Game.X/main.asm
                    MODE3   0x000062    program     static /home/malek/MPLABXProjects/Memory Game.X/main.asm
                  LOOP_M3   0x000064    program     static /home/malek/MPLABXProjects/Memory Game.X/main.asm
           POPULATE_TABLE   0x000065    program     static /home/malek/MPLABXProjects/Memory Game.X/main.asm
               HIDE_TABLE   0x00007e    program     static /home/malek/MPLABXProjects/Memory Game.X/main.asm
             CLEAR_SCREEN   0x00008f    program     static /home/malek/MPLABXProjects/Memory Game.X/main.asm
                       ET   0x000096    program     static /home/malek/MPLABXProjects/Memory Game.X/main.asm
               WRITE_CHAR   0x00009b    program     static /home/malek/MPLABXProjects/Memory Game.X/main.asm
                  PRINT_A   0x0000b2    program     static /home/malek/MPLABXProjects/Memory Game.X/main.asm
                  PRINT_D   0x0000b5    program     static /home/malek/MPLABXProjects/Memory Game.X/main.asm
                  PRINT_E   0x0000b8    program     static /home/malek/MPLABXProjects/Memory Game.X/main.asm
                  PRINT_G   0x0000bb    program     static /home/malek/MPLABXProjects/Memory Game.X/main.asm
                  PRINT_M   0x0000be    program     static /home/malek/MPLABXProjects/Memory Game.X/main.asm
                  PRINT_O   0x0000c1    program     static /home/malek/MPLABXProjects/Memory Game.X/main.asm
                  PRINT_R   0x0000c4    program     static /home/malek/MPLABXProjects/Memory Game.X/main.asm
                  PRINT_Y   0x0000c7    program     static /home/malek/MPLABXProjects/Memory Game.X/main.asm
           PRINT_ASTERISK   0x0000ca    program     static /home/malek/MPLABXProjects/Memory Game.X/main.asm
              PRINT_SPACE   0x0000cd    program     static /home/malek/MPLABXProjects/Memory Game.X/main.asm
                PRINT_BOX   0x0000d0    program     static /home/malek/MPLABXProjects/Memory Game.X/main.asm
                  PRINT_1   0x0000d3    program     static /home/malek/MPLABXProjects/Memory Game.X/main.asm
                  PRINT_2   0x0000d6    program     static /home/malek/MPLABXProjects/Memory Game.X/main.asm
                  PRINT_3   0x0000d9    program     static /home/malek/MPLABXProjects/Memory Game.X/main.asm
                  RB4_INT   0x0000dc    program     static /home/malek/MPLABXProjects/Memory Game.X/main.asm
           HANDLE_UP_DOWN   0x0000e7    program     static /home/malek/MPLABXProjects/Memory Game.X/main.asm
      SKIP_HANDLE_UP_DOWN   0x0000eb    program     static /home/malek/MPLABXProjects/Memory Game.X/main.asm
                   DELAYS   0x0000ec    program     static /home/malek/MPLABXProjects/Memory Game.X/main.asm
                     LOOP   0x0000f1    program     static /home/malek/MPLABXProjects/Memory Game.X/main.asm
                 DELAYFMS   0x0000f8    program     static /home/malek/MPLABXProjects/Memory Game.X/main.asm
                    LOOP3   0x0000fa    program     static /home/malek/MPLABXProjects/Memory Game.X/main.asm
                  DELAYMS   0x0000fe    program     static /home/malek/MPLABXProjects/Memory Game.X/main.asm
                    LOOP1   0x000102    program     static /home/malek/MPLABXProjects/Memory Game.X/main.asm
                    LOOP2   0x000104    program     static /home/malek/MPLABXProjects/Memory Game.X/main.asm


