MPLINK 5.09, LINKER
Linker Map File - Created Tue Apr 16 19:54:40 2019

                                 Section Info
                  Section       Type    Address   Location Size(Bytes)
                ---------  ---------  ---------  ---------  ---------
                   .org_0       code   0x000000    program   0x000002
                   .cinit    romdata   0x000001    program   0x000004
                   .org_1       code   0x000004    program   0x00032e



                              Program Memory Usage 
                               Start         End      
                           ---------   ---------      
                            0x000000    0x000002      
                            0x000004    0x00019a      
            410 out of 1094 program addresses used, program memory utilization is 37%



                              Symbols - Sorted by Name
                     Name    Address   Location    Storage File                     
                ---------  ---------  ---------  --------- ---------                
                     BUZZ   0x00017c    program     static /home/malek/MPLABXProjects/Memory Game.X/main.asm
             CLEAR_SCREEN   0x0000a8    program     static /home/malek/MPLABXProjects/Memory Game.X/main.asm
                  DELAY3S   0x000160    program     static /home/malek/MPLABXProjects/Memory Game.X/main.asm
                 DELAYFMS   0x00016c    program     static /home/malek/MPLABXProjects/Memory Game.X/main.asm
                  DELAYMS   0x000172    program     static /home/malek/MPLABXProjects/Memory Game.X/main.asm
                   DELAYS   0x000154    program     static /home/malek/MPLABXProjects/Memory Game.X/main.asm
            DELETE_BEFORE   0x000180    program     static /home/malek/MPLABXProjects/Memory Game.X/main.asm
                       ET   0x0000af    program     static /home/malek/MPLABXProjects/Memory Game.X/main.asm
                EXIT_LEFT   0x000199    program     static /home/malek/MPLABXProjects/Memory Game.X/main.asm
               EXIT_RIGHT   0x00018e    program     static /home/malek/MPLABXProjects/Memory Game.X/main.asm
                   FINISH   0x000017    program     static /home/malek/MPLABXProjects/Memory Game.X/main.asm
           HANDLE_CONFIRM   0x000136    program     static /home/malek/MPLABXProjects/Memory Game.X/main.asm
              HANDLE_LEFT   0x000116    program     static /home/malek/MPLABXProjects/Memory Game.X/main.asm
             HANDLE_RIGHT   0x000126    program     static /home/malek/MPLABXProjects/Memory Game.X/main.asm
           HANDLE_UP_DOWN   0x00014b    program     static /home/malek/MPLABXProjects/Memory Game.X/main.asm
               HIDE_TABLE   0x00008d    program     static /home/malek/MPLABXProjects/Memory Game.X/main.asm
                 INDIRECT   0x00000c    program     static /home/malek/MPLABXProjects/Memory Game.X/main.asm
                      INF   0x000058    program     static /home/malek/MPLABXProjects/Memory Game.X/main.asm
                     INIT   0x000017    program     static /home/malek/MPLABXProjects/Memory Game.X/main.asm
             IN_GAME_LEFT   0x00011b    program     static /home/malek/MPLABXProjects/Memory Game.X/main.asm
            IN_GAME_RIGHT   0x00012b    program     static /home/malek/MPLABXProjects/Memory Game.X/main.asm
                       L1   0x000196    program     static /home/malek/MPLABXProjects/Memory Game.X/main.asm
                     LOOP   0x000159    program     static /home/malek/MPLABXProjects/Memory Game.X/main.asm
                    LOOP1   0x000176    program     static /home/malek/MPLABXProjects/Memory Game.X/main.asm
                    LOOP2   0x000178    program     static /home/malek/MPLABXProjects/Memory Game.X/main.asm
                    LOOP3   0x00016e    program     static /home/malek/MPLABXProjects/Memory Game.X/main.asm
                   LOOP3S   0x000165    program     static /home/malek/MPLABXProjects/Memory Game.X/main.asm
                    LOOPX   0x000010    program     static /home/malek/MPLABXProjects/Memory Game.X/main.asm
                    LOOPY   0x000013    program     static /home/malek/MPLABXProjects/Memory Game.X/main.asm
                  LOOP_M1   0x000063    program     static /home/malek/MPLABXProjects/Memory Game.X/main.asm
                  LOOP_M2   0x000066    program     static /home/malek/MPLABXProjects/Memory Game.X/main.asm
                  LOOP_M3   0x000069    program     static /home/malek/MPLABXProjects/Memory Game.X/main.asm
                     MAIN   0x000006    program     static /home/malek/MPLABXProjects/Memory Game.X/main.asm
                MAIN_MENU   0x000044    program     static /home/malek/MPLABXProjects/Memory Game.X/main.asm
   MAIN_MENU_CONFIRMATION   0x00013c    program     static /home/malek/MPLABXProjects/Memory Game.X/main.asm
                    MODE1   0x000061    program     static /home/malek/MPLABXProjects/Memory Game.X/main.asm
             MODE1_OR_INF   0x00005e    program     static /home/malek/MPLABXProjects/Memory Game.X/main.asm
         MODE1_SCOREBOARD   0x00009e    program     static /home/malek/MPLABXProjects/Memory Game.X/main.asm
                    MODE2   0x000064    program     static /home/malek/MPLABXProjects/Memory Game.X/main.asm
               MODE2_OR_3   0x00005b    program     static /home/malek/MPLABXProjects/Memory Game.X/main.asm
                    MODE3   0x000067    program     static /home/malek/MPLABXProjects/Memory Game.X/main.asm
            MOVE_AST_LEFT   0x000190    program     static /home/malek/MPLABXProjects/Memory Game.X/main.asm
           MOVE_AST_RIGHT   0x000183    program     static /home/malek/MPLABXProjects/Memory Game.X/main.asm
              MOVE_CURSOR   0x0000b4    program     static /home/malek/MPLABXProjects/Memory Game.X/main.asm
           POPULATE_TABLE   0x000074    program     static /home/malek/MPLABXProjects/Memory Game.X/main.asm
                  PRINT_1   0x000102    program     static /home/malek/MPLABXProjects/Memory Game.X/main.asm
                  PRINT_2   0x000105    program     static /home/malek/MPLABXProjects/Memory Game.X/main.asm
                  PRINT_3   0x000108    program     static /home/malek/MPLABXProjects/Memory Game.X/main.asm
                  PRINT_A   0x0000d8    program     static /home/malek/MPLABXProjects/Memory Game.X/main.asm
           PRINT_ASTERISK   0x0000f6    program     static /home/malek/MPLABXProjects/Memory Game.X/main.asm
                PRINT_BOX   0x0000fc    program     static /home/malek/MPLABXProjects/Memory Game.X/main.asm
                  PRINT_D   0x0000db    program     static /home/malek/MPLABXProjects/Memory Game.X/main.asm
                  PRINT_E   0x0000de    program     static /home/malek/MPLABXProjects/Memory Game.X/main.asm
                  PRINT_G   0x0000e1    program     static /home/malek/MPLABXProjects/Memory Game.X/main.asm
                  PRINT_M   0x0000e4    program     static /home/malek/MPLABXProjects/Memory Game.X/main.asm
                  PRINT_O   0x0000e7    program     static /home/malek/MPLABXProjects/Memory Game.X/main.asm
                  PRINT_R   0x0000ea    program     static /home/malek/MPLABXProjects/Memory Game.X/main.asm
                  PRINT_S   0x0000ed    program     static /home/malek/MPLABXProjects/Memory Game.X/main.asm
          PRINT_SEPARATOR   0x0000ff    program     static /home/malek/MPLABXProjects/Memory Game.X/main.asm
              PRINT_SPACE   0x0000f9    program     static /home/malek/MPLABXProjects/Memory Game.X/main.asm
                  PRINT_W   0x0000f0    program     static /home/malek/MPLABXProjects/Memory Game.X/main.asm
                  PRINT_Y   0x0000f3    program     static /home/malek/MPLABXProjects/Memory Game.X/main.asm
                       R1   0x00018b    program     static /home/malek/MPLABXProjects/Memory Game.X/main.asm
                  RB4_INT   0x00010b    program     static /home/malek/MPLABXProjects/Memory Game.X/main.asm
                    SETUP   0x00006a    program     static /home/malek/MPLABXProjects/Memory Game.X/main.asm
              SHOW_CURSOR   0x0000cd    program     static /home/malek/MPLABXProjects/Memory Game.X/main.asm
      SKIP_HANDLE_UP_DOWN   0x000153    program     static /home/malek/MPLABXProjects/Memory Game.X/main.asm
  SKIP_MODE1_CONFIRMATION   0x000142    program     static /home/malek/MPLABXProjects/Memory Game.X/main.asm
  SKIP_MODE2_CONFIRMATION   0x000148    program     static /home/malek/MPLABXProjects/Memory Game.X/main.asm
           WELCOME_SCREEN   0x000033    program     static /home/malek/MPLABXProjects/Memory Game.X/main.asm
               WRITE_CHAR   0x0000bf    program     static /home/malek/MPLABXProjects/Memory Game.X/main.asm



                              Symbols - Sorted by Address
                     Name    Address   Location    Storage File                     
                ---------  ---------  ---------  --------- ---------                
                     MAIN   0x000006    program     static /home/malek/MPLABXProjects/Memory Game.X/main.asm
                 INDIRECT   0x00000c    program     static /home/malek/MPLABXProjects/Memory Game.X/main.asm
                    LOOPX   0x000010    program     static /home/malek/MPLABXProjects/Memory Game.X/main.asm
                    LOOPY   0x000013    program     static /home/malek/MPLABXProjects/Memory Game.X/main.asm
                     INIT   0x000017    program     static /home/malek/MPLABXProjects/Memory Game.X/main.asm
                   FINISH   0x000017    program     static /home/malek/MPLABXProjects/Memory Game.X/main.asm
           WELCOME_SCREEN   0x000033    program     static /home/malek/MPLABXProjects/Memory Game.X/main.asm
                MAIN_MENU   0x000044    program     static /home/malek/MPLABXProjects/Memory Game.X/main.asm
                      INF   0x000058    program     static /home/malek/MPLABXProjects/Memory Game.X/main.asm
               MODE2_OR_3   0x00005b    program     static /home/malek/MPLABXProjects/Memory Game.X/main.asm
             MODE1_OR_INF   0x00005e    program     static /home/malek/MPLABXProjects/Memory Game.X/main.asm
                    MODE1   0x000061    program     static /home/malek/MPLABXProjects/Memory Game.X/main.asm
                  LOOP_M1   0x000063    program     static /home/malek/MPLABXProjects/Memory Game.X/main.asm
                    MODE2   0x000064    program     static /home/malek/MPLABXProjects/Memory Game.X/main.asm
                  LOOP_M2   0x000066    program     static /home/malek/MPLABXProjects/Memory Game.X/main.asm
                    MODE3   0x000067    program     static /home/malek/MPLABXProjects/Memory Game.X/main.asm
                  LOOP_M3   0x000069    program     static /home/malek/MPLABXProjects/Memory Game.X/main.asm
                    SETUP   0x00006a    program     static /home/malek/MPLABXProjects/Memory Game.X/main.asm
           POPULATE_TABLE   0x000074    program     static /home/malek/MPLABXProjects/Memory Game.X/main.asm
               HIDE_TABLE   0x00008d    program     static /home/malek/MPLABXProjects/Memory Game.X/main.asm
         MODE1_SCOREBOARD   0x00009e    program     static /home/malek/MPLABXProjects/Memory Game.X/main.asm
             CLEAR_SCREEN   0x0000a8    program     static /home/malek/MPLABXProjects/Memory Game.X/main.asm
                       ET   0x0000af    program     static /home/malek/MPLABXProjects/Memory Game.X/main.asm
              MOVE_CURSOR   0x0000b4    program     static /home/malek/MPLABXProjects/Memory Game.X/main.asm
               WRITE_CHAR   0x0000bf    program     static /home/malek/MPLABXProjects/Memory Game.X/main.asm
              SHOW_CURSOR   0x0000cd    program     static /home/malek/MPLABXProjects/Memory Game.X/main.asm
                  PRINT_A   0x0000d8    program     static /home/malek/MPLABXProjects/Memory Game.X/main.asm
                  PRINT_D   0x0000db    program     static /home/malek/MPLABXProjects/Memory Game.X/main.asm
                  PRINT_E   0x0000de    program     static /home/malek/MPLABXProjects/Memory Game.X/main.asm
                  PRINT_G   0x0000e1    program     static /home/malek/MPLABXProjects/Memory Game.X/main.asm
                  PRINT_M   0x0000e4    program     static /home/malek/MPLABXProjects/Memory Game.X/main.asm
                  PRINT_O   0x0000e7    program     static /home/malek/MPLABXProjects/Memory Game.X/main.asm
                  PRINT_R   0x0000ea    program     static /home/malek/MPLABXProjects/Memory Game.X/main.asm
                  PRINT_S   0x0000ed    program     static /home/malek/MPLABXProjects/Memory Game.X/main.asm
                  PRINT_W   0x0000f0    program     static /home/malek/MPLABXProjects/Memory Game.X/main.asm
                  PRINT_Y   0x0000f3    program     static /home/malek/MPLABXProjects/Memory Game.X/main.asm
           PRINT_ASTERISK   0x0000f6    program     static /home/malek/MPLABXProjects/Memory Game.X/main.asm
              PRINT_SPACE   0x0000f9    program     static /home/malek/MPLABXProjects/Memory Game.X/main.asm
                PRINT_BOX   0x0000fc    program     static /home/malek/MPLABXProjects/Memory Game.X/main.asm
          PRINT_SEPARATOR   0x0000ff    program     static /home/malek/MPLABXProjects/Memory Game.X/main.asm
                  PRINT_1   0x000102    program     static /home/malek/MPLABXProjects/Memory Game.X/main.asm
                  PRINT_2   0x000105    program     static /home/malek/MPLABXProjects/Memory Game.X/main.asm
                  PRINT_3   0x000108    program     static /home/malek/MPLABXProjects/Memory Game.X/main.asm
                  RB4_INT   0x00010b    program     static /home/malek/MPLABXProjects/Memory Game.X/main.asm
              HANDLE_LEFT   0x000116    program     static /home/malek/MPLABXProjects/Memory Game.X/main.asm
             IN_GAME_LEFT   0x00011b    program     static /home/malek/MPLABXProjects/Memory Game.X/main.asm
             HANDLE_RIGHT   0x000126    program     static /home/malek/MPLABXProjects/Memory Game.X/main.asm
            IN_GAME_RIGHT   0x00012b    program     static /home/malek/MPLABXProjects/Memory Game.X/main.asm
           HANDLE_CONFIRM   0x000136    program     static /home/malek/MPLABXProjects/Memory Game.X/main.asm
   MAIN_MENU_CONFIRMATION   0x00013c    program     static /home/malek/MPLABXProjects/Memory Game.X/main.asm
  SKIP_MODE1_CONFIRMATION   0x000142    program     static /home/malek/MPLABXProjects/Memory Game.X/main.asm
  SKIP_MODE2_CONFIRMATION   0x000148    program     static /home/malek/MPLABXProjects/Memory Game.X/main.asm
           HANDLE_UP_DOWN   0x00014b    program     static /home/malek/MPLABXProjects/Memory Game.X/main.asm
      SKIP_HANDLE_UP_DOWN   0x000153    program     static /home/malek/MPLABXProjects/Memory Game.X/main.asm
                   DELAYS   0x000154    program     static /home/malek/MPLABXProjects/Memory Game.X/main.asm
                     LOOP   0x000159    program     static /home/malek/MPLABXProjects/Memory Game.X/main.asm
                  DELAY3S   0x000160    program     static /home/malek/MPLABXProjects/Memory Game.X/main.asm
                   LOOP3S   0x000165    program     static /home/malek/MPLABXProjects/Memory Game.X/main.asm
                 DELAYFMS   0x00016c    program     static /home/malek/MPLABXProjects/Memory Game.X/main.asm
                    LOOP3   0x00016e    program     static /home/malek/MPLABXProjects/Memory Game.X/main.asm
                  DELAYMS   0x000172    program     static /home/malek/MPLABXProjects/Memory Game.X/main.asm
                    LOOP1   0x000176    program     static /home/malek/MPLABXProjects/Memory Game.X/main.asm
                    LOOP2   0x000178    program     static /home/malek/MPLABXProjects/Memory Game.X/main.asm
                     BUZZ   0x00017c    program     static /home/malek/MPLABXProjects/Memory Game.X/main.asm
            DELETE_BEFORE   0x000180    program     static /home/malek/MPLABXProjects/Memory Game.X/main.asm
           MOVE_AST_RIGHT   0x000183    program     static /home/malek/MPLABXProjects/Memory Game.X/main.asm
                       R1   0x00018b    program     static /home/malek/MPLABXProjects/Memory Game.X/main.asm
               EXIT_RIGHT   0x00018e    program     static /home/malek/MPLABXProjects/Memory Game.X/main.asm
            MOVE_AST_LEFT   0x000190    program     static /home/malek/MPLABXProjects/Memory Game.X/main.asm
                       L1   0x000196    program     static /home/malek/MPLABXProjects/Memory Game.X/main.asm
                EXIT_LEFT   0x000199    program     static /home/malek/MPLABXProjects/Memory Game.X/main.asm


