MPLINK 5.09, LINKER
Linker Map File - Created Wed Apr 17 19:21:31 2019

                                 Section Info
                  Section       Type    Address   Location Size(Bytes)
                ---------  ---------  ---------  ---------  ---------
                   .org_0       code   0x000000    program   0x000002
                   .cinit    romdata   0x000001    program   0x000004
                   .org_1       code   0x000004    program   0x000472



                              Program Memory Usage 
                               Start         End      
                           ---------   ---------      
                            0x000000    0x000002      
                            0x000004    0x00023c      
            572 out of 1094 program addresses used, program memory utilization is 52%



                              Symbols - Sorted by Name
                     Name    Address   Location    Storage File                     
                ---------  ---------  ---------  --------- ---------                
                     BUZZ   0x000222    program     static /home/malek/MPLABXProjects/Memory Game.X/main.asm
        CHECK_MATCH_MODE1   0x0001bd    program     static /home/malek/MPLABXProjects/Memory Game.X/main.asm
        CHECK_MATCH_MODE2   0x0001c2    program     static /home/malek/MPLABXProjects/Memory Game.X/main.asm
        CHECK_MATCH_MODE3   0x0001c7    program     static /home/malek/MPLABXProjects/Memory Game.X/main.asm
               CHECK_MODE   0x0001ad    program     static /home/malek/MPLABXProjects/Memory Game.X/main.asm
             CLEAR_SCREEN   0x0000cb    program     static /home/malek/MPLABXProjects/Memory Game.X/main.asm
                  DELAY3S   0x000206    program     static /home/malek/MPLABXProjects/Memory Game.X/main.asm
                 DELAYFMS   0x000212    program     static /home/malek/MPLABXProjects/Memory Game.X/main.asm
                  DELAYMS   0x000218    program     static /home/malek/MPLABXProjects/Memory Game.X/main.asm
                   DELAYS   0x0001fa    program     static /home/malek/MPLABXProjects/Memory Game.X/main.asm
            DELETE_BEFORE   0x0000d2    program     static /home/malek/MPLABXProjects/Memory Game.X/main.asm
                       ET   0x0000c6    program     static /home/malek/MPLABXProjects/Memory Game.X/main.asm
                EXIT_LEFT   0x00023b    program     static /home/malek/MPLABXProjects/Memory Game.X/main.asm
               EXIT_RIGHT   0x000230    program     static /home/malek/MPLABXProjects/Memory Game.X/main.asm
           HALT_MODE1_WIN   0x00007c    program     static /home/malek/MPLABXProjects/Memory Game.X/main.asm
           HANDLE_CONFIRM   0x000175    program     static /home/malek/MPLABXProjects/Memory Game.X/main.asm
              HANDLE_LEFT   0x000155    program     static /home/malek/MPLABXProjects/Memory Game.X/main.asm
             HANDLE_RIGHT   0x000165    program     static /home/malek/MPLABXProjects/Memory Game.X/main.asm
           HANDLE_UP_DOWN   0x0001a4    program     static /home/malek/MPLABXProjects/Memory Game.X/main.asm
               HIDE_TABLE   0x0000a9    program     static /home/malek/MPLABXProjects/Memory Game.X/main.asm
                      INF   0x000050    program     static /home/malek/MPLABXProjects/Memory Game.X/main.asm
                     INIT   0x00000c    program     static /home/malek/MPLABXProjects/Memory Game.X/main.asm
             IN_GAME_LEFT   0x00015a    program     static /home/malek/MPLABXProjects/Memory Game.X/main.asm
            IN_GAME_RIGHT   0x00016a    program     static /home/malek/MPLABXProjects/Memory Game.X/main.asm
                       L1   0x000238    program     static /home/malek/MPLABXProjects/Memory Game.X/main.asm
                     LOOP   0x0001ff    program     static /home/malek/MPLABXProjects/Memory Game.X/main.asm
                    LOOP1   0x00021c    program     static /home/malek/MPLABXProjects/Memory Game.X/main.asm
                    LOOP2   0x00021e    program     static /home/malek/MPLABXProjects/Memory Game.X/main.asm
                    LOOP3   0x000214    program     static /home/malek/MPLABXProjects/Memory Game.X/main.asm
                   LOOP3S   0x00020b    program     static /home/malek/MPLABXProjects/Memory Game.X/main.asm
                  LOOP_M1   0x00005c    program     static /home/malek/MPLABXProjects/Memory Game.X/main.asm
                  LOOP_M2   0x000086    program     static /home/malek/MPLABXProjects/Memory Game.X/main.asm
                  LOOP_M3   0x000088    program     static /home/malek/MPLABXProjects/Memory Game.X/main.asm
                     MAIN   0x000006    program     static /home/malek/MPLABXProjects/Memory Game.X/main.asm
                MAIN_MENU   0x00003c    program     static /home/malek/MPLABXProjects/Memory Game.X/main.asm
   MAIN_MENU_CONFIRMATION   0x000195    program     static /home/malek/MPLABXProjects/Memory Game.X/main.asm
              MATCH_MODE1   0x0001cc    program     static /home/malek/MPLABXProjects/Memory Game.X/main.asm
              MATCH_MODE2   0x0001f6    program     static /home/malek/MPLABXProjects/Memory Game.X/main.asm
              MATCH_MODE3   0x0001f8    program     static /home/malek/MPLABXProjects/Memory Game.X/main.asm
                    MODE1   0x000059    program     static /home/malek/MPLABXProjects/Memory Game.X/main.asm
                MODE1_AVG   0x00006e    program     static /home/malek/MPLABXProjects/Memory Game.X/main.asm
             MODE1_OR_INF   0x000056    program     static /home/malek/MPLABXProjects/Memory Game.X/main.asm
         MODE1_SCOREBOARD   0x0000ba    program     static /home/malek/MPLABXProjects/Memory Game.X/main.asm
              MODE1_SUPER   0x000075    program     static /home/malek/MPLABXProjects/Memory Game.X/main.asm
               MODE1_WEAK   0x000066    program     static /home/malek/MPLABXProjects/Memory Game.X/main.asm
                    MODE2   0x000085    program     static /home/malek/MPLABXProjects/Memory Game.X/main.asm
               MODE2_OR_3   0x000053    program     static /home/malek/MPLABXProjects/Memory Game.X/main.asm
                    MODE3   0x000087    program     static /home/malek/MPLABXProjects/Memory Game.X/main.asm
            MOVE_AST_LEFT   0x000232    program     static /home/malek/MPLABXProjects/Memory Game.X/main.asm
           MOVE_AST_RIGHT   0x000226    program     static /home/malek/MPLABXProjects/Memory Game.X/main.asm
              MOVE_CURSOR   0x0000f8    program     static /home/malek/MPLABXProjects/Memory Game.X/main.asm
           NO_MATCH_MODE1   0x0001d0    program     static /home/malek/MPLABXProjects/Memory Game.X/main.asm
           NO_MATCH_MODE2   0x0001f7    program     static /home/malek/MPLABXProjects/Memory Game.X/main.asm
           NO_MATCH_MODE3   0x0001f9    program     static /home/malek/MPLABXProjects/Memory Game.X/main.asm
           POPULATE_TABLE   0x000090    program     static /home/malek/MPLABXProjects/Memory Game.X/main.asm
                  PRINT_1   0x000141    program     static /home/malek/MPLABXProjects/Memory Game.X/main.asm
                  PRINT_2   0x000144    program     static /home/malek/MPLABXProjects/Memory Game.X/main.asm
                  PRINT_3   0x000147    program     static /home/malek/MPLABXProjects/Memory Game.X/main.asm
                  PRINT_A   0x000108    program     static /home/malek/MPLABXProjects/Memory Game.X/main.asm
           PRINT_ASTERISK   0x000132    program     static /home/malek/MPLABXProjects/Memory Game.X/main.asm
                PRINT_BOX   0x000138    program     static /home/malek/MPLABXProjects/Memory Game.X/main.asm
                  PRINT_D   0x00010b    program     static /home/malek/MPLABXProjects/Memory Game.X/main.asm
                  PRINT_E   0x00010e    program     static /home/malek/MPLABXProjects/Memory Game.X/main.asm
                  PRINT_G   0x000111    program     static /home/malek/MPLABXProjects/Memory Game.X/main.asm
                  PRINT_K   0x000114    program     static /home/malek/MPLABXProjects/Memory Game.X/main.asm
                  PRINT_M   0x000117    program     static /home/malek/MPLABXProjects/Memory Game.X/main.asm
                  PRINT_O   0x00011a    program     static /home/malek/MPLABXProjects/Memory Game.X/main.asm
                  PRINT_P   0x00011d    program     static /home/malek/MPLABXProjects/Memory Game.X/main.asm
                  PRINT_R   0x000120    program     static /home/malek/MPLABXProjects/Memory Game.X/main.asm
                  PRINT_S   0x000123    program     static /home/malek/MPLABXProjects/Memory Game.X/main.asm
          PRINT_SEPARATOR   0x00013e    program     static /home/malek/MPLABXProjects/Memory Game.X/main.asm
              PRINT_SHADE   0x00013b    program     static /home/malek/MPLABXProjects/Memory Game.X/main.asm
              PRINT_SPACE   0x000135    program     static /home/malek/MPLABXProjects/Memory Game.X/main.asm
                  PRINT_U   0x000126    program     static /home/malek/MPLABXProjects/Memory Game.X/main.asm
                  PRINT_V   0x000129    program     static /home/malek/MPLABXProjects/Memory Game.X/main.asm
                  PRINT_W   0x00012c    program     static /home/malek/MPLABXProjects/Memory Game.X/main.asm
                  PRINT_Y   0x00012f    program     static /home/malek/MPLABXProjects/Memory Game.X/main.asm
                       R1   0x00022e    program     static /home/malek/MPLABXProjects/Memory Game.X/main.asm
                  RB4_INT   0x00014a    program     static /home/malek/MPLABXProjects/Memory Game.X/main.asm
             RESET_CURSOR   0x000103    program     static /home/malek/MPLABXProjects/Memory Game.X/main.asm
                    SETUP   0x000089    program     static /home/malek/MPLABXProjects/Memory Game.X/main.asm
              SHOW_CURSOR   0x0000ed    program     static /home/malek/MPLABXProjects/Memory Game.X/main.asm
      SKIP_HANDLE_UP_DOWN   0x0001ac    program     static /home/malek/MPLABXProjects/Memory Game.X/main.asm
  SKIP_MODE1_CONFIRMATION   0x00019b    program     static /home/malek/MPLABXProjects/Memory Game.X/main.asm
  SKIP_MODE2_CONFIRMATION   0x0001a1    program     static /home/malek/MPLABXProjects/Memory Game.X/main.asm
           WELCOME_SCREEN   0x000028    program     static /home/malek/MPLABXProjects/Memory Game.X/main.asm
               WRITE_CHAR   0x0000d6    program     static /home/malek/MPLABXProjects/Memory Game.X/main.asm



                              Symbols - Sorted by Address
                     Name    Address   Location    Storage File                     
                ---------  ---------  ---------  --------- ---------                
                     MAIN   0x000006    program     static /home/malek/MPLABXProjects/Memory Game.X/main.asm
                     INIT   0x00000c    program     static /home/malek/MPLABXProjects/Memory Game.X/main.asm
           WELCOME_SCREEN   0x000028    program     static /home/malek/MPLABXProjects/Memory Game.X/main.asm
                MAIN_MENU   0x00003c    program     static /home/malek/MPLABXProjects/Memory Game.X/main.asm
                      INF   0x000050    program     static /home/malek/MPLABXProjects/Memory Game.X/main.asm
               MODE2_OR_3   0x000053    program     static /home/malek/MPLABXProjects/Memory Game.X/main.asm
             MODE1_OR_INF   0x000056    program     static /home/malek/MPLABXProjects/Memory Game.X/main.asm
                    MODE1   0x000059    program     static /home/malek/MPLABXProjects/Memory Game.X/main.asm
                  LOOP_M1   0x00005c    program     static /home/malek/MPLABXProjects/Memory Game.X/main.asm
               MODE1_WEAK   0x000066    program     static /home/malek/MPLABXProjects/Memory Game.X/main.asm
                MODE1_AVG   0x00006e    program     static /home/malek/MPLABXProjects/Memory Game.X/main.asm
              MODE1_SUPER   0x000075    program     static /home/malek/MPLABXProjects/Memory Game.X/main.asm
           HALT_MODE1_WIN   0x00007c    program     static /home/malek/MPLABXProjects/Memory Game.X/main.asm
                    MODE2   0x000085    program     static /home/malek/MPLABXProjects/Memory Game.X/main.asm
                  LOOP_M2   0x000086    program     static /home/malek/MPLABXProjects/Memory Game.X/main.asm
                    MODE3   0x000087    program     static /home/malek/MPLABXProjects/Memory Game.X/main.asm
                  LOOP_M3   0x000088    program     static /home/malek/MPLABXProjects/Memory Game.X/main.asm
                    SETUP   0x000089    program     static /home/malek/MPLABXProjects/Memory Game.X/main.asm
           POPULATE_TABLE   0x000090    program     static /home/malek/MPLABXProjects/Memory Game.X/main.asm
               HIDE_TABLE   0x0000a9    program     static /home/malek/MPLABXProjects/Memory Game.X/main.asm
         MODE1_SCOREBOARD   0x0000ba    program     static /home/malek/MPLABXProjects/Memory Game.X/main.asm
                       ET   0x0000c6    program     static /home/malek/MPLABXProjects/Memory Game.X/main.asm
             CLEAR_SCREEN   0x0000cb    program     static /home/malek/MPLABXProjects/Memory Game.X/main.asm
            DELETE_BEFORE   0x0000d2    program     static /home/malek/MPLABXProjects/Memory Game.X/main.asm
               WRITE_CHAR   0x0000d6    program     static /home/malek/MPLABXProjects/Memory Game.X/main.asm
              SHOW_CURSOR   0x0000ed    program     static /home/malek/MPLABXProjects/Memory Game.X/main.asm
              MOVE_CURSOR   0x0000f8    program     static /home/malek/MPLABXProjects/Memory Game.X/main.asm
             RESET_CURSOR   0x000103    program     static /home/malek/MPLABXProjects/Memory Game.X/main.asm
                  PRINT_A   0x000108    program     static /home/malek/MPLABXProjects/Memory Game.X/main.asm
                  PRINT_D   0x00010b    program     static /home/malek/MPLABXProjects/Memory Game.X/main.asm
                  PRINT_E   0x00010e    program     static /home/malek/MPLABXProjects/Memory Game.X/main.asm
                  PRINT_G   0x000111    program     static /home/malek/MPLABXProjects/Memory Game.X/main.asm
                  PRINT_K   0x000114    program     static /home/malek/MPLABXProjects/Memory Game.X/main.asm
                  PRINT_M   0x000117    program     static /home/malek/MPLABXProjects/Memory Game.X/main.asm
                  PRINT_O   0x00011a    program     static /home/malek/MPLABXProjects/Memory Game.X/main.asm
                  PRINT_P   0x00011d    program     static /home/malek/MPLABXProjects/Memory Game.X/main.asm
                  PRINT_R   0x000120    program     static /home/malek/MPLABXProjects/Memory Game.X/main.asm
                  PRINT_S   0x000123    program     static /home/malek/MPLABXProjects/Memory Game.X/main.asm
                  PRINT_U   0x000126    program     static /home/malek/MPLABXProjects/Memory Game.X/main.asm
                  PRINT_V   0x000129    program     static /home/malek/MPLABXProjects/Memory Game.X/main.asm
                  PRINT_W   0x00012c    program     static /home/malek/MPLABXProjects/Memory Game.X/main.asm
                  PRINT_Y   0x00012f    program     static /home/malek/MPLABXProjects/Memory Game.X/main.asm
           PRINT_ASTERISK   0x000132    program     static /home/malek/MPLABXProjects/Memory Game.X/main.asm
              PRINT_SPACE   0x000135    program     static /home/malek/MPLABXProjects/Memory Game.X/main.asm
                PRINT_BOX   0x000138    program     static /home/malek/MPLABXProjects/Memory Game.X/main.asm
              PRINT_SHADE   0x00013b    program     static /home/malek/MPLABXProjects/Memory Game.X/main.asm
          PRINT_SEPARATOR   0x00013e    program     static /home/malek/MPLABXProjects/Memory Game.X/main.asm
                  PRINT_1   0x000141    program     static /home/malek/MPLABXProjects/Memory Game.X/main.asm
                  PRINT_2   0x000144    program     static /home/malek/MPLABXProjects/Memory Game.X/main.asm
                  PRINT_3   0x000147    program     static /home/malek/MPLABXProjects/Memory Game.X/main.asm
                  RB4_INT   0x00014a    program     static /home/malek/MPLABXProjects/Memory Game.X/main.asm
              HANDLE_LEFT   0x000155    program     static /home/malek/MPLABXProjects/Memory Game.X/main.asm
             IN_GAME_LEFT   0x00015a    program     static /home/malek/MPLABXProjects/Memory Game.X/main.asm
             HANDLE_RIGHT   0x000165    program     static /home/malek/MPLABXProjects/Memory Game.X/main.asm
            IN_GAME_RIGHT   0x00016a    program     static /home/malek/MPLABXProjects/Memory Game.X/main.asm
           HANDLE_CONFIRM   0x000175    program     static /home/malek/MPLABXProjects/Memory Game.X/main.asm
   MAIN_MENU_CONFIRMATION   0x000195    program     static /home/malek/MPLABXProjects/Memory Game.X/main.asm
  SKIP_MODE1_CONFIRMATION   0x00019b    program     static /home/malek/MPLABXProjects/Memory Game.X/main.asm
  SKIP_MODE2_CONFIRMATION   0x0001a1    program     static /home/malek/MPLABXProjects/Memory Game.X/main.asm
           HANDLE_UP_DOWN   0x0001a4    program     static /home/malek/MPLABXProjects/Memory Game.X/main.asm
      SKIP_HANDLE_UP_DOWN   0x0001ac    program     static /home/malek/MPLABXProjects/Memory Game.X/main.asm
               CHECK_MODE   0x0001ad    program     static /home/malek/MPLABXProjects/Memory Game.X/main.asm
        CHECK_MATCH_MODE1   0x0001bd    program     static /home/malek/MPLABXProjects/Memory Game.X/main.asm
        CHECK_MATCH_MODE2   0x0001c2    program     static /home/malek/MPLABXProjects/Memory Game.X/main.asm
        CHECK_MATCH_MODE3   0x0001c7    program     static /home/malek/MPLABXProjects/Memory Game.X/main.asm
              MATCH_MODE1   0x0001cc    program     static /home/malek/MPLABXProjects/Memory Game.X/main.asm
           NO_MATCH_MODE1   0x0001d0    program     static /home/malek/MPLABXProjects/Memory Game.X/main.asm
              MATCH_MODE2   0x0001f6    program     static /home/malek/MPLABXProjects/Memory Game.X/main.asm
           NO_MATCH_MODE2   0x0001f7    program     static /home/malek/MPLABXProjects/Memory Game.X/main.asm
              MATCH_MODE3   0x0001f8    program     static /home/malek/MPLABXProjects/Memory Game.X/main.asm
           NO_MATCH_MODE3   0x0001f9    program     static /home/malek/MPLABXProjects/Memory Game.X/main.asm
                   DELAYS   0x0001fa    program     static /home/malek/MPLABXProjects/Memory Game.X/main.asm
                     LOOP   0x0001ff    program     static /home/malek/MPLABXProjects/Memory Game.X/main.asm
                  DELAY3S   0x000206    program     static /home/malek/MPLABXProjects/Memory Game.X/main.asm
                   LOOP3S   0x00020b    program     static /home/malek/MPLABXProjects/Memory Game.X/main.asm
                 DELAYFMS   0x000212    program     static /home/malek/MPLABXProjects/Memory Game.X/main.asm
                    LOOP3   0x000214    program     static /home/malek/MPLABXProjects/Memory Game.X/main.asm
                  DELAYMS   0x000218    program     static /home/malek/MPLABXProjects/Memory Game.X/main.asm
                    LOOP1   0x00021c    program     static /home/malek/MPLABXProjects/Memory Game.X/main.asm
                    LOOP2   0x00021e    program     static /home/malek/MPLABXProjects/Memory Game.X/main.asm
                     BUZZ   0x000222    program     static /home/malek/MPLABXProjects/Memory Game.X/main.asm
           MOVE_AST_RIGHT   0x000226    program     static /home/malek/MPLABXProjects/Memory Game.X/main.asm
                       R1   0x00022e    program     static /home/malek/MPLABXProjects/Memory Game.X/main.asm
               EXIT_RIGHT   0x000230    program     static /home/malek/MPLABXProjects/Memory Game.X/main.asm
            MOVE_AST_LEFT   0x000232    program     static /home/malek/MPLABXProjects/Memory Game.X/main.asm
                       L1   0x000238    program     static /home/malek/MPLABXProjects/Memory Game.X/main.asm
                EXIT_LEFT   0x00023b    program     static /home/malek/MPLABXProjects/Memory Game.X/main.asm


